# wall
_ opendoor
+ closeddoor

....................................................................................................
.#######......#######...........             #####             ###################################
.#.....#......#.....#...........     ########_+ +_########     #                                 #
.#.....#......###+###...........     #                   #     #                                 #
.#.....#........#.#.............      #  #           #  #      #                                 #
.#.....#........#.#....########.      #                 #      #                                 #    
.#.....#........#.#####.......#.      #  #           #  #      #                                 #
.###+###........#.....+......#..      #                 #      #                                 #
...#.############.#####.......#.      #  #           #  #      #                                 #
...#..............#....########.      #                 #      #                                 #
...## #############.............      #  #           #  #      #                                 #
.   # #                               #                 #      #                                 #
.   # #                               #  #           #  #      #                                 #
.   # #      ###########             #                   #     #                                 #
.   # #     #           #            ########## ##########     #                                 #
.   # ######    #   #    ######               # #              #                                 #
.   #                         #               # #              #                                 #
.   #          #     #        #               # #              #                                 #
.   # ######    #####    ######               # #              #                                 #
.   # #     #           #                     # #              #                                 #
.   # #      ###########                      # #              #              #                  #
.   # ########################################                 #              #                  #
.   #                                                                         #                  #
.   ##############################################################################################
.

Alot 4 4
LandShark 2 47
Human 5 41
Human 7 41
Human 9 41
Human 11 41
Human 5 53
Human 7 53
Human 9 53
Human 11 53
